{
  "node": "dc/g/Root",
  "info": {
    "absoluteName": "Data Commons Variables",
    "childStatVarGroups": [
      {
        "id": "dc/g/Agriculture",
        "specializedEntity": "Agriculture",
        "displayName": "Agriculture",
        "descendentStatVarCount": 274
      },
      {
        "id": "dc/g/Demographics",
        "specializedEntity": "Demographics",
        "displayName": "Demographics",
        "descendentStatVarCount": 45241
      },
      {
        "id": "dc/g/Economy",
        "specializedEntity": "Economy",
        "displayName": "Economy",
        "descendentStatVarCount": 109257
      },
      {
        "id": "dc/g/Education",
        "specializedEntity": "Education",
        "displayName": "Education",
        "descendentStatVarCount": 69445
      },
      {
        "id": "dc/g/Energy",
        "specializedEntity": "Energy",
        "displayName": "Energy",
        "descendentStatVarCount": 9779
      },
      {
        "id": "dc/g/Environment",
        "specializedEntity": "Environment",
        "displayName": "Environment",
        "descendentStatVarCount": 3618
      },
      {
        "id": "dc/g/Health",
        "specializedEntity": "Health",
        "displayName": "Health",
        "descendentStatVarCount": 48388
      },
      {
        "id": "dc/g/Housing",
        "specializedEntity": "Housing",
        "displayName": "Housing",
        "descendentStatVarCount": 560
      },
      {
        "id": "dc/g/Crime",
        "specializedEntity": "Crime",
        "displayName": "Crime",
        "descendentStatVarCount": 8624
      },
      {
        "id": "dc/g/AboutDataCommons",
        "specializedEntity": "About Data Commons",
        "displayName": "About Data Commons",
        "descendentStatVarCount": 15
      },
      {
        "id": "dc/g/Uncategorized",
        "specializedEntity": "Uncategorized",
        "displayName": "Uncategorized",
        "descendentStatVarCount": 9325
      },
      {
        "id": "dc/g/UN",
        "specializedEntity": "12 UN Data Thematic Areas",
        "displayName": "12 UN Data Thematic Areas",
        "descendentStatVarCount": 21471
      },
      {
        "id": "dc/g/SDG",
        "specializedEntity": "Sustainable Development Goals",
        "displayName": "Sustainable Development Goals",
        "descendentStatVarCount": 3990
      }
    ],
    "descendentStatVarCount": 231997
  }
}